// Jest Snapshot v1, https://goo.gl/fbAQLP

exports[`Cards board with param Hypothesis 1`] = `
<Provider
  store={
    Object {
      "dispatch": [Function],
      "getState": [Function],
      "replaceReducer": [Function],
      "subscribe": [Function],
      Symbol(observable): [Function],
    }
  }
>
  <Connect(WithStyles(CardsBoard))
    type="HYPOTHESIS"
  >
    <WithStyles(CardsBoard)
      getCards={[Function]}
      type="HYPOTHESIS"
    >
      <CardsBoard
        classes={
          Object {
            "gridList": "CardsBoard-gridList-2",
            "root": "CardsBoard-root-1",
          }
        }
        getCards={[Function]}
        type="HYPOTHESIS"
      >
        <div
          className="CardsBoard-root-1"
        >
          <WithStyles(GridList)
            className="CardsBoard-gridList-2"
            cols={2.5}
          >
            <GridList
              cellHeight={180}
              className="CardsBoard-gridList-2"
              classes={
                Object {
                  "root": "MuiGridList-root-3",
                }
              }
              cols={2.5}
              component="ul"
              spacing={4}
            >
              <ul
                className="MuiGridList-root-3 CardsBoard-gridList-2"
                style={
                  Object {
                    "margin": -2,
                  }
                }
              >
                <Connect(CardsList)
                  key=".$.0"
                  status={Symbol(DONE)}
                  style={
                    Object {
                      "height": 184,
                      "padding": 2,
                      "width": "40%",
                    }
                  }
                  type="HYPOTHESIS"
                >
                  <CardsList
                    list={Array []}
                    status={Symbol(DONE)}
                    style={
                      Object {
                        "height": 184,
                        "padding": 2,
                        "width": "40%",
                      }
                    }
                    type="HYPOTHESIS"
                  />
                </Connect(CardsList)>
              </ul>
            </GridList>
          </WithStyles(GridList)>
        </div>
      </CardsBoard>
    </WithStyles(CardsBoard)>
  </Connect(WithStyles(CardsBoard))>
</Provider>
`;
