// Jest Snapshot v1, https://goo.gl/fbAQLP

exports[`Cards board with param Hypothesis 1`] = `
<Provider
  store={
    Object {
      "dispatch": [Function],
      "getState": [Function],
      "replaceReducer": [Function],
      "subscribe": [Function],
      Symbol(observable): [Function],
    }
  }
>
  <Connect(CardsBoard)
    type="HYPOTHESIS"
  >
    <CardsBoard
      getCards={[Function]}
      type="HYPOTHESIS"
    >
      <div />
    </CardsBoard>
  </Connect(CardsBoard)>
</Provider>
`;
