// Jest Snapshot v1, https://goo.gl/fbAQLP

exports[`CardsListByStatus with todo 1`] = `
<Provider
  store={
    Object {
      "dispatch": [Function],
      "getState": [Function],
      "replaceReducer": [Function],
      "subscribe": [Function],
      Symbol(observable): [Function],
    }
  }
>
  <Connect(TaskCardsBoard)>
    <TaskCardsBoard
      getCards={[Function]}
    >
      <div />
    </TaskCardsBoard>
  </Connect(TaskCardsBoard)>
</Provider>
`;
