// Jest Snapshot v1, https://goo.gl/fbAQLP

exports[`Containers tests Expect getUserStorySelected called 1`] = `
<Provider
  store={
    Object {
      "dispatch": [Function],
      "getState": [Function],
      "replaceReducer": [Function],
      "subscribe": [Function],
      Symbol(observable): [Function],
    }
  }
>
  <Connect(UserStory)>
    <UserStory />
  </Connect(UserStory)>
  ,
</Provider>
`;
